
Welcome to Gradle 8.13!

Here are the highlights of this release:
 - Daemon JVM auto-provisioning
 - Enhancements for Scala plugin and JUnit testing
 - Improvements for build authors and plugin developers

For more details see https://docs.gradle.org/8.13/release-notes.html

To honour the JVM settings for this build a single-use Daemon process will be forked. For more on this, please refer to https://docs.gradle.org/8.13/userguide/gradle_daemon.html#sec:disabling_the_daemon in the Gradle documentation.
Daemon will be stopped at the end of the build 
> Task :ParallaxCore:preBuild UP-TO-DATE
> Task :ParallaxCore:preReleaseBuild UP-TO-DATE
> Task :ParallaxCore:configureNdkBuildRelease[arm64-v8a]
> Task :ParallaxCore:compileReleaseAidl
> Task :ParallaxCore:buildNdkBuildRelease[arm64-v8a]
> Task :ParallaxCore:configureNdkBuildRelease[armeabi-v7a]
> Task :ParallaxCore:buildNdkBuildRelease[armeabi-v7a]
> Task :ParallaxCore:configureNdkBuildRelease[x86]
> Task :ParallaxCore:buildNdkBuildRelease[x86]
> Task :ParallaxCore:configureNdkBuildRelease[x86_64]
> Task :ParallaxCore:buildNdkBuildRelease[x86_64]
> Task :ParallaxCore:mergeReleaseJniLibFolders
> Task :ParallaxCore:generateReleaseResValues
> Task :ParallaxCore:mergeReleaseNativeLibs
> Task :ParallaxCore:extractDeepLinksForAarRelease
> Task :ParallaxCore:checkKotlinGradlePluginConfigurationErrors SKIPPED
> Task :ParallaxCore:generateReleaseBuildConfig
> Task :ParallaxCore:generateReleaseResources
> Task :ParallaxCore:stripReleaseDebugSymbols
> Task :ParallaxCore:packageReleaseResources
> Task :ParallaxCore:copyReleaseJniLibsProjectAndLocalJars
> Task :ParallaxCore:mergeReleaseShaders
> Task :ParallaxCore:compileReleaseShaders NO-SOURCE
> Task :ParallaxCore:generateReleaseAssets UP-TO-DATE
> Task :ParallaxCore:mergeReleaseAssets
> Task :ParallaxCore:prepareLintJarForPublish
> Task :ParallaxCore:javaPreCompileRelease
> Task :ParallaxCore:prepareReleaseArtProfile
> Task :ParallaxCore:parseReleaseLocalResources
> Task :ParallaxCore:writeReleaseAarMetadata
> Task :ParallaxCore:generateReleaseRFile
> Task :ParallaxCore:mapReleaseSourceSetPaths
> Task :ParallaxCore:processReleaseManifest
> Task :ParallaxCore:mergeReleaseResources
> Task :ParallaxCore:verifyReleaseResources
> Task :ParallaxCore:compileReleaseKotlin
> Task :ParallaxCore:extractReleaseAnnotations

> Task :ParallaxCore:compileReleaseJavaWithJavac
The following annotation processors are not incremental: compiler-1.1.2.jar (com.github.CodingGay.BlackReflection:compiler:1.1.2).
Make sure all annotation processors are incremental to improve your build speed.
warning: Supported source version 'RELEASE_8' from annotation processor 'org.gradle.api.internal.tasks.compile.processing.TimeTrackingProcessor' less than -source '17'
Note: Some input files use or override a deprecated API.
Note: Recompile with -Xlint:deprecation for details.
Note: Some input files use unchecked or unsafe operations.
Note: Recompile with -Xlint:unchecked for details.
1 warning

> Task :ParallaxCore:lsparanoidRelease
> Task :ParallaxCore:mergeReleaseGeneratedProguardFiles
> Task :ParallaxCore:mergeReleaseConsumerProguardFiles
> Task :ParallaxCore:processReleaseJavaRes
> Task :ParallaxCore:mergeReleaseJavaResource
> Task :ParallaxCore:syncReleaseLibJars
> Task :ParallaxCore:bundleReleaseAar
> Task :ParallaxCore:assembleRelease

[Incubating] Problems report is available at: file:///home/runner/work/ParallaxSDK/ParallaxSDK/build/reports/problems/problems-report.html

Deprecated Gradle features were used in this build, making it incompatible with Gradle 9.0.

You can use '--warning-mode all' to show the individual deprecation warnings and determine if they come from your own scripts or plugins.

For more on this, please refer to https://docs.gradle.org/8.13/userguide/command_line_interface.html#sec:command_line_warnings in the Gradle documentation.

BUILD SUCCESSFUL in 1m 16s
40 actionable tasks: 40 executed
